git 歷史 60 天：42 個訊號日，共 76 筆推薦
（其中空手 8 日）

抓 39 檔 4 個月 OHLC...

==============================================================
📅 週檢討（近 7 日推薦）  共 11 筆
==============================================================
  ❌ 08-31 6805 富世達    (電子零組件) 進$2,305.0→$2,130.0  -7.59% 出:-7%樓地板 1d
  ✅ 08-31 7788 松川精密   (電子零組件) 進$321.0→$335.0  +4.36% 🔓續抱 3d
  ❌ 08-31 3008 大立光    (光電   ) 進$7,655.0→$7,400.0  -3.33% 🔓續抱 3d
  ✅ 09-01 2357 華碩     (電腦及週邊) 進$1,000.0→$1,025.0  +2.50% 🔓續抱 2d
  ✅ 09-01 7711 永擎     (電腦及週邊) 進$570.0→$632.0 +10.88% 🔓續抱 2d
  ✅ 09-01 2455 全新     (通信網路 ) 進$515.0→$528.0  +2.52% 🔓續抱 2d
  ❌ 09-02 2395 研華     (電腦及週邊) 進$706.0→$688.0  -2.55% 出:進場日即破 1d
  ✅ 09-02 2454 聯發科    (半導體  ) 進$4,400.0→$4,415.0  +0.34% 🔓續抱 1d
  ❌ 09-02 2455 全新     (通信網路 ) 進$541.0→$528.0  -2.40% 🔓續抱 1d
  ✅ 09-03 3231 緯創     (電腦及週邊) 進$195.5→$198.0  +1.28% 🔓續抱 0d
  ✅ 09-03 3023 信邦     (電子零組件) 進$329.0→$340.0  +3.34% 🔓續抱 0d

  勝率 7/11 (64%) | 平均 +0.85%
  平均賺 +3.60% | 平均賠 -3.97% | PF 1.59
  🛡️ -7%樓地板觸發 1 次（平均 -7.59% — 若無樓地板將依 20MA 更深)
  🔓 續抱中 9 筆: 7788+4.4%, 3008-3.3%, 2357+2.5%, 7711+10.9%, 2455+2.5%, 2454+0.3%, 2455-2.4%, 3231+1.3%, 3023+3.3%
  🏆 7711 永擎 +10.88% | 💀 6805 富世達 -7.59%

==============================================================
🗓️ 月檢討（近 30 日推薦）  共 41 筆
==============================================================
  ✅ 08-07 3605 宏致     (電子零組件) 進$107.0→$118.5 +10.79% 出:跌破20MA 18d
  ✅ 08-09 2059 川湖     (電子零組件) 進$12,177.0→$13,860.0 +13.82% 🔓續抱 19d
  ❌ 08-09 8039 台虹     (電子零組件) 進$250.0→$226.0  -9.60% 出:進場日即破 1d
  ✅ 08-09 6213 聯茂     (電子零組件) 進$424.0→$517.0 +21.93% 🔓續抱 19d
  ✅ 08-10 6213 聯茂     (電子零組件) 進$427.5→$517.0 +20.94% 🔓續抱 18d
  ✅ 08-11 7711 永擎     (電腦及週邊) 進$445.0→$632.0 +42.02% 🔓續抱 17d
  ❌ 08-11 6206 飛捷     (電腦及週邊) 進$141.5→$137.5  -2.83% 出:跌破20MA 7d
  ❌ 08-11 3416 融程電    (電腦及週邊) 進$177.2→$167.7  -5.38% 出:跌破20MA 4d
  ❌ 08-12 8112 至上     (電子通路 ) 進$98.5→$88.9  -9.75% 出:-7%樓地板 3d
  ❌ 08-13 7711 永擎     (電腦及週邊) 進$499.0→$452.0  -9.42% 出:-7%樓地板 4d
  ❌ 08-13 2324 仁寶     (電腦及週邊) 進$40.3→$39.0  -3.23% 出:跌破20MA 14d
  ✅ 08-13 6213 聯茂     (電子零組件) 進$463.0→$517.0 +11.66% 🔓續抱 15d
  ❌ 08-16 2324 仁寶     (電腦及週邊) 進$43.3→$39.3  -9.34% 出:-7%樓地板 2d
  ❌ 08-16 2357 華碩     (電腦及週邊) 進$985.0→$896.0  -9.04% 出:-7%樓地板 1d
  ✅ 08-17 2357 華碩     (電腦及週邊) 進$930.0→$1,025.0 +10.22% 🔓續抱 13d
  ❌ 08-19 2059 川湖     (電子零組件) 進$14,194.9→$13,860.0  -2.36% 🔓續抱 11d
  ❌ 08-19 3037 欣興     (電子零組件) 進$1,165.0→$1,070.0  -8.15% 出:-7%樓地板 2d
  ✅ 08-19 3008 大立光    (光電   ) 進$5,570.0→$7,400.0 +32.85% 🔓續抱 11d
  ❌ 08-20 6715 嘉基     (電子零組件) 進$498.0→$435.5 -12.55% 出:進場日即破 1d
  ❌ 08-21 6715 嘉基     (電子零組件) 進$435.5→$388.0 -10.91% 出:進場日即破 1d
  ✅ 08-21 6213 聯茂     (電子零組件) 進$509.0→$517.0  +1.57% 🔓續抱 9d
  ❌ 08-21 2408 南亞科    (半導體  ) 進$521.0→$490.5  -5.85% 出:-7%樓地板+20MA 8d
  ✅ 08-24 2426 鼎元     (光電   ) 進$82.2→$104.5 +27.13% 🔓續抱 8d
  ✅ 08-25 3532 台勝科    (半導體  ) 進$378.0→$399.0  +5.56% 🔓續抱 7d
  ❌ 08-25 2324 仁寶     (電腦及週邊) 進$40.8→$39.0  -4.41% 出:跌破20MA 6d
  ❌ 08-26 3034 聯詠     (半導體  ) 進$559.0→$527.0  -5.72% 出:跌破20MA 5d
  ✅ 08-26 2455 全新     (通信網路 ) 進$429.0→$528.0 +23.08% 🔓續抱 6d
  ❌ 08-27 8039 台虹     (電子零組件) 進$363.5→$328.0  -9.77% 出:-7%樓地板 1d
  ❌ 08-27 6805 富世達    (電子零組件) 進$2,265.0→$2,150.0  -5.08% 出:-7%樓地板 4d
  ❌ 08-27 8046 南電     (電子零組件) 進$1,300.0→$1,225.0  -5.77% 出:-7%樓地板 3d
  ❌ 08-31 6805 富世達    (電子零組件) 進$2,305.0→$2,130.0  -7.59% 出:-7%樓地板 1d
  ✅ 08-31 7788 松川精密   (電子零組件) 進$321.0→$335.0  +4.36% 🔓續抱 3d
  ❌ 08-31 3008 大立光    (光電   ) 進$7,655.0→$7,400.0  -3.33% 🔓續抱 3d
  ✅ 09-01 2357 華碩     (電腦及週邊) 進$1,000.0→$1,025.0  +2.50% 🔓續抱 2d
  ✅ 09-01 7711 永擎     (電腦及週邊) 進$570.0→$632.0 +10.88% 🔓續抱 2d
  ✅ 09-01 2455 全新     (通信網路 ) 進$515.0→$528.0  +2.52% 🔓續抱 2d
  ❌ 09-02 2395 研華     (電腦及週邊) 進$706.0→$688.0  -2.55% 出:進場日即破 1d
  ✅ 09-02 2454 聯發科    (半導體  ) 進$4,400.0→$4,415.0  +0.34% 🔓續抱 1d
  ❌ 09-02 2455 全新     (通信網路 ) 進$541.0→$528.0  -2.40% 🔓續抱 1d
  ✅ 09-03 3231 緯創     (電腦及週邊) 進$195.5→$198.0  +1.28% 🔓續抱 0d
  ✅ 09-03 3023 信邦     (電子零組件) 進$329.0→$340.0  +3.34% 🔓續抱 0d

  勝率 19/41 (46%) | 平均 +2.48%
  平均賺 +12.99% | 平均賠 -6.59% | PF 1.70
  🛡️ -7%樓地板觸發 10 次（平均 -7.98% — 若無樓地板將依 20MA 更深)
  🔓 續抱中 21 筆: 2059+13.8%, 6213+21.9%, 6213+20.9%, 7711+42.0%, 6213+11.7%, 2357+10.2%, 2059-2.4%, 3008+32.9%, 6213+1.6%, 2426+27.1%, 3532+5.6%, 2455+23.1%, 7788+4.4%, 3008-3.3%, 2357+2.5%, 7711+10.9%, 2455+2.5%, 2454+0.3%, 2455-2.4%, 3231+1.3%, 3023+3.3%
  🏆 7711 永擎 +42.02% | 💀 6715 嘉基 -12.55%

💾 已輸出 review_v43_result.json
exit=0
