  ⏳ 額度受限，休息 65s 再試...
S0 市值≥100億: 507 檔
  S1 0/507... 通過 1
  S1 50/507... 通過 39
  S1 100/507... 通過 74
  S1 150/507... 通過 108
  S1 200/507... 通過 141
  S1 250/507... 通過 167
⛔ 額度用盡於 S1 第 295/507 檔，已存進度，之後重跑續抓
S1 月營收動能: 已掃 295/507 → 通過 198 檔
S2 Quality: 通過 1 檔
S3 估值: 完成 0/1

💾 double_candidates.md / .csv / double_screener_result.json（前40檔）
Top10: 2330台積電(45)
⚠️ 本輪額度用盡，結果為部分資料——再跑一次 python double_screener.py 會自動續抓
exit=0
=== 第 1 輪 22:00 ===
  ⏳ 額度受限，休息 65s 再試...
S0 市值≥100億: 507 檔
  S1 0/507... 通過 1
  S1 50/507... 通過 39
  S1 100/507... 通過 74
  S1 150/507... 通過 108
  S1 200/507... 通過 141
  S1 250/507... 通過 167
⛔ 額度用盡於 S1 第 295/507 檔，已存進度，之後重跑續抓
S1 月營收動能: 已掃 295/507 → 通過 198 檔
S2 Quality: 通過 1 檔
S3 估值: 完成 0/1

💾 double_candidates.md / .csv / double_screener_result.json（前40檔）
Top10: 2330台積電(45)
⚠️ 本輪額度用盡，結果為部分資料——再跑一次 python double_screener.py 會自動續抓
=== 第 1 輪 22:02 ===
  ⏳ 額度受限，休息 65s 再試...
S0 市值≥100億: 507 檔
  S1 0/507... 通過 1
  S1 50/507... 通過 39
  S1 100/507... 通過 74
  S1 150/507... 通過 108
  S1 200/507... 通過 141
  S1 250/507... 通過 167
  S1 300/507... 通過 200
  S1 350/507... 通過 229
  S1 400/507... 通過 255
  S1 450/507... 通過 284
  S1 500/507... 通過 313
S1 月營收動能: 已掃 507/507 → 通過 316 檔
  S2 0/316...
  S2 20/316...
  S2 40/316...
S2 Quality: 通過 18 檔
S3 估值: 完成 0/18

💾 double_candidates.md / .csv / double_screener_result.json（前40檔）
Top10: 2330台積電(45)、3653健策(45)、2059川湖(45)、2383台光電(43)、2368金像電(43)、2344華邦電(43)、2360致茂(42)、2308台達電(40)、3443創意(40)、2395研華(40)
⚠️ 本輪額度用盡，結果為部分資料——再跑一次 python double_screener.py 會自動續抓
=== 第 2 輪 23:06 ===
  ⏳ 額度受限，休息 65s 再試...
S0 市值≥100億: 507 S0 市值≥100億: 507 檔
  S1 0/507... 通過 1
  S1 50/507... 通過 39
  S1 100/507... 通過 74
  S1 150/507... 通過 108
  S1 200/507... 通過 141
  S1 250/507... 通過 167
  S1 300/507... 通過 200
  S1 350/507... 通過 229
  S1 400/507... 通過 255
  S1 450/507... 通過 284
  S1 500/507... 通過 313
S1 月營收動能: 已掃 507/507 → 通過 316 檔
  S2 0/316...
  S2 20/316...
  S2 40/316...
  S2 60/316...
  S2 80/316...
  S2 100/316...
  S2 120/316...
  S2 140/316...
  S2 160/316...
  S2 180/316...
  S2 200/316...
  S2 220/316...
  S2 240/316...
  S2 260/316...
  S2 280/316...
  S2 300/316...
S2 Quality: 通過 65 檔
S3 估值: 完成 0/65

💾 double_candidates.md / .csv / double_screener_result.json（前40檔）
Top10: 2330台積電(45)、3653健策(45)、2059川湖(45)、3006晶豪科(45)、2383台光電(43)、2368金像電(43)、2344華邦電(43)、8210勤誠(43)、6442光聖(43)、4967十銓(43)
⚠️ 本輪額度用盡，結果為部分資料——再跑一次 python double_screener.py 會自動續抓
=== 第 3 輪 00:20 ===
S0 市值≥100億: 507 檔
  S1 0/507... 通過 1
  S1 50/507... 通過 39
  S1 100/507... 通過 74
  S1 150/507... 通過 108
  S1 200/507... 通過 141
  S1 250/507... 通過 167
  S1 300/507... 通過 200
  S1 350/507... 通過 229
  S1 400/507... 通過 255
  S1 450/507... 通過 284
  S1 500/507... 通過 313
S1 月營收動能: 已掃 507/507 → 通過 316 檔
  S2 0/316...
  S2 20/316...
  S2 40/316...
  S2 60/316...
  S2 80/316...
  S2 100/316...
  S2 120/316...
  S2 140/316...
  S2 160/316...
  S2 180/316...
  S2 200/316...
  S2 220/316...
  S2 240/316...
  S2 260/316...
  S2 280/316...
  S2 300/316...
S2 Quality: 通過 66 檔
S3 估值: 完成 66/66

💾 double_candidates.md / .csv / double_screener_result.json（前40檔）
Top10: 3006晶豪科(60)、4967十銓(58)、2344華邦電(55)、8210勤誠(55)、6442光聖(55)、6782視陽(54)、2330台積電(53)、2059川湖(53)、1590亞德客-KY(52)、2451創見(52)
Y(52)、2451創見(52)
=== 完成於第 3 輪 ===
=== 完成於第 3 輪 ===
