交易 145 筆（monthly 5y）
可用 145 筆（yfinance 對齊誤差中位 0.00%）

==================================================================
① 三種出場時點的每筆報酬（同一批交易，只換賣點）
==================================================================
  觸發日收盤賣（13:25 掛單）       平均 +11.19%  中位  -2.64%  合計  +1622.8%
  隔日開盤賣（現行規則）            平均 +11.56%  中位  -2.50%  合計  +1676.4%
  隔日收盤賣                  平均 +11.49%  中位  -1.80%  合計  +1666.6%

  觸發日收盤 vs 隔日開盤：平均 -0.37pp／筆，觸發日較好的比例 38%
  隔日收盤 vs 隔日開盤：平均 -0.07pp／筆，隔日收盤較好的比例 50%

==================================================================
② 出場日（隔日）的微結構
==================================================================
  跳空（隔日開 vs 觸發日收）：中位 +0.31%  平均 +0.30%  開低比例 38%
  隔日開盤在當日 range 位置：中位 43（0=最低 100=最高）  >70 比例 25%  <30 比例 34%
  隔日開→收：中位 +0.00%  平均 +0.12%  收高於開 50%

==================================================================
③ 分組：觸發時已虧 >5%（樓地板型）vs 其他（20MA 型）
==================================================================
  樓地板型（n=56）：觸發日收盤賣 vs 隔日開盤 -0.38pp／筆；隔日跳空中位 +0.35%
  20MA 型（n=89）：觸發日收盤賣 vs 隔日開盤 -0.36pp／筆；隔日跳空中位 +0.22%

💾 data/exit_timing_study.json
